./gradlew : e: file:///C:/Users/Lenovo/AndroidStudioProjects/MediSave/
app/src/main/java/com/pralayakaveri/medisave/ui/HomeScreen.kt:527:2 
Expecting '}'
At line:1 char:1
+ ./gradlew :app:assembleDebug -q --console=plain > build_full.log 
2>&1
+ 
~~~~~~~~~~~~~~~~~~~~~~~~~~~~~~~~~~~~~~~~~~~~~~~~~~~~~~~~~~~~~~~~~~~~~
    + CategoryInfo          : NotSpecified: (e: file:///C:/U...2 Expe 
   cting '}':String) [], RemoteException
    + FullyQualifiedErrorId : NativeCommandError
 
e: file:///C:/Users/Lenovo/AndroidStudioProjects/MediSave/app/src/main
/java/com/pralayakaveri/medisave/ui/ProfileScreen.kt:514:2 Expecting 
'}'

FAILURE: Build failed with an exception.

* What went wrong:
Execution failed for task ':app:kspDebugKotlin'.
> A failure occurred while executing org.jetbrains.kotlin.compilerRunn
er.GradleCompilerRunnerWithWorkers$GradleKotlinCompilerWorkAction
   > Compilation error. See log for more details

* Try:
> Run with --stacktrace option to get the stack trace.
> Run with --info or --debug option to get more log output.
> Run with --scan to get full insights.
> Get more help at https://help.gradle.org.

BUILD FAILED in 10s
