./gradlew : e: file:///C:/Users/Lenovo/AndroidStudioProjects/MediSave/
app/src/main/java/com/pralayakaveri/medisave/ui/ProfileScreen.kt:49:30
 Unresolved reference 'MutableStateFlow'.
At line:1 char:1
+ ./gradlew :app:assembleDebug -q --console=plain > 
build_final_attempt ...
+ 
~~~~~~~~~~~~~~~~~~~~~~~~~~~~~~~~~~~~~~~~~~~~~~~~~~~~~~~~~~~~~~~~~~~~~
    + CategoryInfo          : NotSpecified: (e: file:///C:/U...ableSt 
   ateFlow'.:String) [], RemoteException
    + FullyQualifiedErrorId : NativeCommandError
 
e: file:///C:/Users/Lenovo/AndroidStudioProjects/MediSave/app/src/main
/java/com/pralayakaveri/medisave/ui/ProfileScreen.kt:50:20 Unresolved 
reference 'StateFlow'.
e: file:///C:/Users/Lenovo/AndroidStudioProjects/MediSave/app/src/main
/java/com/pralayakaveri/medisave/ui/ProfileScreen.kt:52:37 Unresolved 
reference 'MutableSharedFlow'.
e: file:///C:/Users/Lenovo/AndroidStudioProjects/MediSave/app/src/main
/java/com/pralayakaveri/medisave/ui/ProfileScreen.kt:53:27 Unresolved 
reference 'SharedFlow'.
e: file:///C:/Users/Lenovo/AndroidStudioProjects/MediSave/app/src/main
/java/com/pralayakaveri/medisave/ui/ProfileScreen.kt:90:22 Cannot 
infer type for this parameter. Please specify it explicitly.
e: file:///C:/Users/Lenovo/AndroidStudioProjects/MediSave/app/src/main
/java/com/pralayakaveri/medisave/ui/ProfileScreen.kt:90:22 Property 
delegate must have a 'getValue(Nothing?, KProperty0<ERROR CLASS: 
Cannot infer argument for type parameter T>)' method. None of the 
following functions is applicable:
fun <T> State<T>.getValue(thisObj: Any?, property: KProperty<*>): T
e: file:///C:/Users/Lenovo/AndroidStudioProjects/MediSave/app/src/main
/java/com/pralayakaveri/medisave/ui/ProfileScreen.kt:90:22 Not enough 
information to infer type argument for 'T'.
e: file:///C:/Users/Lenovo/AndroidStudioProjects/MediSave/app/src/main
/java/com/pralayakaveri/medisave/ui/ProfileScreen.kt:90:42 Cannot 
infer type for this parameter. Please specify it explicitly.
e: file:///C:/Users/Lenovo/AndroidStudioProjects/MediSave/app/src/main
/java/com/pralayakaveri/medisave/ui/ProfileScreen.kt:90:42 Not enough 
information to infer type argument for 'T'.
e: file:///C:/Users/Lenovo/AndroidStudioProjects/MediSave/app/src/main
/java/com/pralayakaveri/medisave/ui/ProfileScreen.kt:93:36 Unresolved 
reference 'collect'.
e: file:///C:/Users/Lenovo/AndroidStudioProjects/MediSave/app/src/main
/java/com/pralayakaveri/medisave/ui/ProfileScreen.kt:93:46 Cannot 
infer type for this parameter. Please specify it explicitly.
e: file:///C:/Users/Lenovo/AndroidStudioProjects/MediSave/app/src/main
/java/com/pralayakaveri/medisave/ui/ProfileScreen.kt:451:36 
Unresolved reference 'Refresh'.
e: file:///C:/Users/Lenovo/AndroidStudioProjects/MediSave/app/src/main
/java/com/pralayakaveri/medisave/ui/ProfileScreen.kt:457:36 
Unresolved reference 'KeyboardArrowRight'.

FAILURE: Build failed with an exception.

* What went wrong:
Execution failed for task ':app:compileDebugKotlin'.
> A failure occurred while executing org.jetbrains.kotlin.compilerRunn
er.GradleCompilerRunnerWithWorkers$GradleKotlinCompilerWorkAction
   > Compilation error. See log for more details

* Try:
> Run with --stacktrace option to get the stack trace.
> Run with --info or --debug option to get more log output.
> Run with --scan to get full insights.
> Get more help at https://help.gradle.org.

BUILD FAILED in 24s
